
> tienda-lite@0.0.1 type
> tsc --noEmit

src/contexts/user/app/usecases/update-address.usecase.ts(18,29): error TS2339: Property 'payload' does not exist on type 'UpdateAddressCommand'.
src/contexts/user/app/usecases/update-address.usecase.ts(19,27): error TS2339: Property 'payload' does not exist on type 'UpdateAddressCommand'.
src/contexts/user/app/usecases/update-address.usecase.ts(20,30): error TS2339: Property 'payload' does not exist on type 'UpdateAddressCommand'.
src/contexts/user/app/usecases/update-address.usecase.ts(21,30): error TS2339: Property 'payload' does not exist on type 'UpdateAddressCommand'.
src/contexts/user/app/usecases/update-user-profile.usecase.ts(18,27): error TS2339: Property 'payload' does not exist on type 'UpdateUserProfileCommand'.
src/contexts/user/app/usecases/update-user-profile.usecase.ts(19,28): error TS2339: Property 'payload' does not exist on type 'UpdateUserProfileCommand'.
src/contexts/user/app/usecases/update-user-profile.usecase.ts(20,34): error TS2339: Property 'payload' does not exist on type 'UpdateUserProfileCommand'.
src/contexts/user/infra/persistence/user-prisma.repository.ts(8,28): error TS2307: Cannot find module '../mappers/user.mapper' or its corresponding type declarations.
src/contexts/user/infra/persistence/user-prisma.repository.ts(9,31): error TS2307: Cannot find module '../mappers/address.mapper' or its corresponding type declarations.
src/contexts/user/test/unit/user.entity.spec.ts(57,27): error TS2345: Argument of type '"INACTIVE"' is not assignable to parameter of type 'UserStatus'.
